// Jest Snapshot v1, https://goo.gl/fbAQLP

exports[`The Counter component  render plain 1`] = `
<div
  style={
    Object {
      "margin": "40px",
    }
  }
>
  <span
    style={
      Object {
        "marginRight": "20px",
      }
    }
  >
    Value: 
    1234
  </span>
  <button
    onClick={undefined}
  >
    +
  </button>
  <button
    onClick={undefined}
  >
    -
  </button>
</div>
`;
